   Woah! You appear to be trying to run flutter as root.
   We strongly recommend running the flutter tool without superuser privileges.
  /
📎
Launching lib/main.dart on Chrome in debug mode...
Waiting for connection from debug service on Chrome...             28.8s

Flutter run key commands.
r Hot reload. 🔥🔥🔥
R Hot restart.
h List all available interactive commands.
d Detach (terminate "flutter run" but leave application running).
c Clear the screen
q Quit (terminate the application on the device).

This app is linked to the debug service: ws://127.0.0.1:43989/6IpI4VB2r20=/ws
Debug service listening on ws://127.0.0.1:43989/6IpI4VB2r20=/ws
A Dart VM Service on Chrome is available at: http://127.0.0.1:43989/6IpI4VB2r20=
The Flutter DevTools debugger and profiler on Chrome is available at: http://127.0.0.1:43989/6IpI4VB2r20=/devtools/?uri=ws://127.0.0.1:43989/6IpI4VB2r20=/ws
Starting application from main method in: org-dartlang-app:/web_entrypoint.dart.
WARNING: Falling back to CPU-only rendering. Reason: webGLVersion is -1
Failed to load font Roboto at https://fonts.gstatic.com/s/roboto/v32/KFOmCnqEu92Fr1Me4GZLCzYlKw.woff2
Flutter Web engine failed to complete HTTP request to fetch "https://fonts.gstatic.com/s/roboto/v32/KFOmCnqEu92Fr1Me4GZLCzYlKw.woff2": TypeError: Failed to fetch
Failed to load font Noto Sans SC 96 at https://fonts.gstatic.com/s/notosanssc/v37/k3kCo84MPvpLmixcA63oeAL7Iqp5IZJF9bmaG9_FnYkldv7JjxkkgFsFSSOPMOkySAZ73y9ViAt3acb8NexQ2w.119.woff2
Flutter Web engine failed to complete HTTP request to fetch "https://fonts.gstatic.com/s/notosanssc/v37/k3kCo84MPvpLmixcA63oeAL7Iqp5IZJF9bmaG9_FnYkldv7JjxkkgFsFSSOPMOkySAZ73y9ViAt3acb8NexQ2w.119.woff2": TypeError: Failed to fetch
Failed to load font Noto Sans HK 103 at https://fonts.gstatic.com/s/notosanshk/v32/nKKF-GM_FYFRJvXzVXaAPe97P1KHynJFP716qHB--oD7kYrUzT7-NvA3pTohjc3XVtNXX8A7gG1LO2KAPAw.118.woff2
Flutter Web engine failed to complete HTTP request to fetch "https://fonts.gstatic.com/s/notosanshk/v32/nKKF-GM_FYFRJvXzVXaAPe97P1KHynJFP716qHB--oD7kYrUzT7-NvA3pTohjc3XVtNXX8A7gG1LO2KAPAw.118.woff2": TypeError: Failed to fetch
Failed to load font Noto Sans SC 95 at https://fonts.gstatic.com/s/notosanssc/v37/k3kCo84MPvpLmixcA63oeAL7Iqp5IZJF9bmaG9_FnYkldv7JjxkkgFsFSSOPMOkySAZ73y9ViAt3acb8NexQ2w.118.woff2
Flutter Web engine failed to complete HTTP request to fetch "https://fonts.gstatic.com/s/notosanssc/v37/k3kCo84MPvpLmixcA63oeAL7Iqp5IZJF9bmaG9_FnYkldv7JjxkkgFsFSSOPMOkySAZ73y9ViAt3acb8NexQ2w.118.woff2": TypeError: Failed to fetch
Failed to load font Noto Sans SC 90 at https://fonts.gstatic.com/s/notosanssc/v37/k3kCo84MPvpLmixcA63oeAL7Iqp5IZJF9bmaG9_FnYkldv7JjxkkgFsFSSOPMOkySAZ73y9ViAt3acb8NexQ2w.113.woff2
Flutter Web engine failed to complete HTTP request to fetch "https://fonts.gstatic.com/s/notosanssc/v37/k3kCo84MPvpLmixcA63oeAL7Iqp5IZJF9bmaG9_FnYkldv7JjxkkgFsFSSOPMOkySAZ73y9ViAt3acb8NexQ2w.113.woff2": TypeError: Failed to fetch
Failed to load font Noto Sans HK 97 at https://fonts.gstatic.com/s/notosanshk/v32/nKKF-GM_FYFRJvXzVXaAPe97P1KHynJFP716qHB--oD7kYrUzT7-NvA3pTohjc3XVtNXX8A7gG1LO2KAPAw.112.woff2
Flutter Web engine failed to complete HTTP request to fetch "https://fonts.gstatic.com/s/notosanshk/v32/nKKF-GM_FYFRJvXzVXaAPe97P1KHynJFP716qHB--oD7kYrUzT7-NvA3pTohjc3XVtNXX8A7gG1LO2KAPAw.112.woff2": TypeError: Failed to fetch
Failed to load font Noto Sans HK 102 at https://fonts.gstatic.com/s/notosanshk/v32/nKKF-GM_FYFRJvXzVXaAPe97P1KHynJFP716qHB--oD7kYrUzT7-NvA3pTohjc3XVtNXX8A7gG1LO2KAPAw.117.woff2
Flutter Web engine failed to complete HTTP request to fetch "https://fonts.gstatic.com/s/notosanshk/v32/nKKF-GM_FYFRJvXzVXaAPe97P1KHynJFP716qHB--oD7kYrUzT7-NvA3pTohjc3XVtNXX8A7gG1LO2KAPAw.117.woff2": TypeError: Failed to fetch
Failed to load font Noto Sans SC 84 at https://fonts.gstatic.com/s/notosanssc/v37/k3kCo84MPvpLmixcA63oeAL7Iqp5IZJF9bmaG9_FnYkldv7JjxkkgFsFSSOPMOkySAZ73y9ViAt3acb8NexQ2w.107.woff2
Flutter Web engine failed to complete HTTP request to fetch "https://fonts.gstatic.com/s/notosanssc/v37/k3kCo84MPvpLmixcA63oeAL7Iqp5IZJF9bmaG9_FnYkldv7JjxkkgFsFSSOPMOkySAZ73y9ViAt3acb8NexQ2w.107.woff2": TypeError: Failed to fetch
Failed to load font Noto Sans SC 44 at https://fonts.gstatic.com/s/notosanssc/v37/k3kCo84MPvpLmixcA63oeAL7Iqp5IZJF9bmaG9_FnYkldv7JjxkkgFsFSSOPMOkySAZ73y9ViAt3acb8NexQ2w.62.woff2
Flutter Web engine failed to complete HTTP request to fetch "https://fonts.gstatic.com/s/notosanssc/v37/k3kCo84MPvpLmixcA63oeAL7Iqp5IZJF9bmaG9_FnYkldv7JjxkkgFsFSSOPMOkySAZ73y9ViAt3acb8NexQ2w.62.woff2": TypeError: Failed to fetch
Failed to load font Noto Sans SC 43 at https://fonts.gstatic.com/s/notosanssc/v37/k3kCo84MPvpLmixcA63oeAL7Iqp5IZJF9bmaG9_FnYkldv7JjxkkgFsFSSOPMOkySAZ73y9ViAt3acb8NexQ2w.61.woff2
Flutter Web engine failed to complete HTTP request to fetch "https://fonts.gstatic.com/s/notosanssc/v37/k3kCo84MPvpLmixcA63oeAL7Iqp5IZJF9bmaG9_FnYkldv7JjxkkgFsFSSOPMOkySAZ73y9ViAt3acb8NexQ2w.61.woff2": TypeError: Failed to fetch
Failed to load font Noto Sans SC 68 at https://fonts.gstatic.com/s/notosanssc/v37/k3kCo84MPvpLmixcA63oeAL7Iqp5IZJF9bmaG9_FnYkldv7JjxkkgFsFSSOPMOkySAZ73y9ViAt3acb8NexQ2w.86.woff2
Flutter Web engine failed to complete HTTP request to fetch "https://fonts.gstatic.com/s/notosanssc/v37/k3kCo84MPvpLmixcA63oeAL7Iqp5IZJF9bmaG9_FnYkldv7JjxkkgFsFSSOPMOkySAZ73y9ViAt3acb8NexQ2w.86.woff2": TypeError: Failed to fetch
Failed to load font Noto Sans SC 13 at https://fonts.gstatic.com/s/notosanssc/v37/k3kCo84MPvpLmixcA63oeAL7Iqp5IZJF9bmaG9_FnYkldv7JjxkkgFsFSSOPMOkySAZ73y9ViAt3acb8NexQ2w.31.woff2
Flutter Web engine failed to complete HTTP request to fetch "https://fonts.gstatic.com/s/notosanssc/v37/k3kCo84MPvpLmixcA63oeAL7Iqp5IZJF9bmaG9_FnYkldv7JjxkkgFsFSSOPMOkySAZ73y9ViAt3acb8NexQ2w.31.woff2": TypeError: Failed to fetch
Failed to load font Noto Sans SC 12 at https://fonts.gstatic.com/s/notosanssc/v37/k3kCo84MPvpLmixcA63oeAL7Iqp5IZJF9bmaG9_FnYkldv7JjxkkgFsFSSOPMOkySAZ73y9ViAt3acb8NexQ2w.30.woff2
Flutter Web engine failed to complete HTTP request to fetch "https://fonts.gstatic.com/s/notosanssc/v37/k3kCo84MPvpLmixcA63oeAL7Iqp5IZJF9bmaG9_FnYkldv7JjxkkgFsFSSOPMOkySAZ73y9ViAt3acb8NexQ2w.30.woff2": TypeError: Failed to fetch
Failed to load font Noto Sans SC 92 at https://fonts.gstatic.com/s/notosanssc/v37/k3kCo84MPvpLmixcA63oeAL7Iqp5IZJF9bmaG9_FnYkldv7JjxkkgFsFSSOPMOkySAZ73y9ViAt3acb8NexQ2w.115.woff2
Flutter Web engine failed to complete HTTP request to fetch "https://fonts.gstatic.com/s/notosanssc/v37/k3kCo84MPvpLmixcA63oeAL7Iqp5IZJF9bmaG9_FnYkldv7JjxkkgFsFSSOPMOkySAZ73y9ViAt3acb8NexQ2w.115.woff2": TypeError: Failed to fetch
